
> react-example@0.0.0 build
> vite build

node.exe : X [ERROR] 
Expected ";" but found 
":"
No linha:1 caractere:1
+ & "C:\Program 
Files\nodejs/node.exe" 
"C:\Program 
Files\nodejs/node_mo ...
+ ~~~~~~~~~~~~~~~~~~~~~~~
~~~~~~~~~~~~~~~~~~~~~~~~~
~~~~~~~~~~~~~~~~~~~~~
    + CategoryInfo       
       : NotSpecified:   
  (X [ERROR] Expected    
 ";" but found ":":St    
ring) [], RemoteExce    
ption
    + FullyQualifiedErro 
   rId : NativeCommandE  
  rror
 

    vite.config.ts:46:11:
      46 Ôöé     
resolve: {
         Ôöé            ^
         ÔòÁ            ;

[31mfailed to load 
config from C:\Users\2nin
\Desktop\Bytex Estoque AP
P\Bytex-APP\vite.config.t
s[39m
[31merror during build:
Error: Build failed with 
1 error:
vite.config.ts:46:11: 
ERROR: Expected ";" but 
found ":"
    at 
failureErrorWithLog (C:\U
sers\2nin\Desktop\Bytex 
Estoque APP\Bytex-APP\nod
e_modules\vite\node_modul
es\esbuild\lib\main.js:14
67:15)
    at C:\Users\2nin\Desk
top\Bytex Estoque APP\Byt
ex-APP\node_modules\vite\
node_modules\esbuild\lib\
main.js:926:25
    at runOnEndCallbacks 
(C:\Users\2nin\Desktop\By
tex Estoque APP\Bytex-APP
\node_modules\vite\node_m
odules\esbuild\lib\main.j
s:1307:45)
    at 
buildResponseToResult (C:
\Users\2nin\Desktop\Bytex
 Estoque APP\Bytex-APP\no
de_modules\vite\node_modu
les\esbuild\lib\main.js:9
24:7)
    at C:\Users\2nin\Desk
top\Bytex Estoque APP\Byt
ex-APP\node_modules\vite\
node_modules\esbuild\lib\
main.js:951:16
    at responseCallbacks.
<computed> (C:\Users\2nin
\Desktop\Bytex Estoque AP
P\Bytex-APP\node_modules\
vite\node_modules\esbuild
\lib\main.js:603:9)
    at 
handleIncomingPacket (C:\
Users\2nin\Desktop\Bytex 
Estoque APP\Bytex-APP\nod
e_modules\vite\node_modul
es\esbuild\lib\main.js:65
8:12)
    at 
Socket.readFromStdout (C:
\Users\2nin\Desktop\Bytex
 Estoque APP\Bytex-APP\no
de_modules\vite\node_modu
les\esbuild\lib\main.js:5
81:7)
    at Socket.emit 
(node:events:508:28)
    at addChunk (node:int
ernal/streams/readable:55
9:12)[39m
